[line 3] ERROR at 'return': Can't return a value from a class initializer.
