Hi, Dear Reader!
Hi, Guillermo de Torro!
[line 2] ERROR: Operands must be two numbers or two strings.
